// Jest Snapshot v1, https://goo.gl/fbAQLP

exports[`ListItem should match the snapshot 1`] = `
<li
  className="list-item"
  key="4"
>
  <div
    className="item-container"
  >
    <i
      className="far fa-square"
      onClick={[Function]}
    />
    <p
      className="list-item"
      onClick={false}
    >
      Hello
    </p>
    <i
      className="fas fa-times"
      onClick={[Function]}
    />
  </div>
</li>
`;
